2026-08-24T08:36:01.458Z - GET - /products/orders - IP: ::1
2026-08-24T08:37:21.725Z - GET - /products/orders - IP: ::1
2026-08-24T08:38:27.268Z - GET - /products/orders - IP: ::1
2026-08-24T08:43:17.793Z - GET - /products/orders - IP: ::1
2026-08-24T08:43:28.294Z - GET - /products/orders - IP: ::1
2026-08-24T08:43:34.499Z - GET - /orders - IP: ::1
2026-08-24T08:50:47.692Z - GET - /orders - IP: ::1
2026-08-24T08:51:05.857Z - GET - /orders/1 - IP: ::1
2026-08-24T08:53:00.944Z - GET - /orders/1 - IP: ::1
2026-08-24T09:08:44.588Z - DELETE - /orders - IP: ::ffff:127.0.0.1
2026-08-24T09:08:52.026Z - POST - /orders - IP: ::ffff:127.0.0.1
2026-08-24T09:09:28.674Z - POST - /orders - IP: ::ffff:127.0.0.1
2026-08-24T09:10:01.827Z - GET - /orders/1 - IP: ::1
2026-08-24T09:13:17.045Z - POST - /orders - IP: ::ffff:127.0.0.1
2026-08-24T09:13:20.930Z - GET - /orders/1 - IP: ::1
2026-08-24T09:13:21.933Z - GET - /orders/1 - IP: ::1
2026-08-24T09:13:22.100Z - GET - /orders/1 - IP: ::1
2026-08-24T09:13:22.282Z - GET - /orders/1 - IP: ::1
2026-08-24T09:13:22.449Z - GET - /orders/1 - IP: ::1
2026-08-24T09:13:22.659Z - GET - /orders/1 - IP: ::1
2026-08-24T09:13:23.941Z - GET - /orders/1 - IP: ::1
2026-08-24T09:13:24.123Z - GET - /orders/1 - IP: ::1
2026-08-24T09:13:24.295Z - GET - /orders/1 - IP: ::1
2026-08-24T09:13:24.520Z - GET - /orders/1 - IP: ::1
2026-08-24T09:13:48.804Z - GET - /orders - IP: ::1
2026-08-24T09:14:48.738Z - GET - /orders - IP: ::1
2026-08-24T09:14:54.626Z - POST - /orders - IP: ::ffff:127.0.0.1
2026-08-24T09:14:57.514Z - GET - /orders - IP: ::1
2026-08-24T09:18:39.185Z - GET - /orders - IP: ::1
2026-08-24T09:18:50.243Z - POST - /orders - IP: ::ffff:127.0.0.1
2026-08-24T09:18:53.201Z - GET - /orders - IP: ::1
2026-08-24T09:19:10.778Z - POST - /orders - IP: ::ffff:127.0.0.1
2026-08-24T09:19:13.830Z - GET - /orders - IP: ::1
2026-08-24T09:19:22.089Z - GET - /orders/2 - IP: ::1
2026-08-24T09:19:29.887Z - GET - /orders/2 - IP: ::1
2026-08-24T09:28:15.719Z - POST - /orders - IP: ::ffff:127.0.0.1
2026-08-24T09:28:22.657Z - GET - /orders/2 - IP: ::1
2026-08-24T09:28:26.523Z - GET - /orders - IP: ::1
2026-08-24T09:31:35.073Z - GET - / - IP: ::1
2026-08-24T09:31:40.424Z - GET - /products - IP: ::1
2026-08-24T09:31:48.789Z - GET - /products/1 - IP: ::1
2026-08-24T09:31:52.708Z - GET - /products - IP: ::1
2026-08-24T09:31:57.432Z - GET - /orders - IP: ::1
